
> overthink_v0.2@0.1.0 build
> next build

node.exe : ÔÜá Warning
: Next.js inferred you
r workspace root, but 
it may not be correct.
At line:1 char:1
+ & "C:\Program Files\
nodejs/node.exe" "C:\P
rogram Files\nodejs/no
de_mo ...
+ ~~~~~~~~~~~~~~~~~~~~
~~~~~~~~~~~~~~~~~~~~~~
~~~~~~~~~~~~~~~~~~~~~~
~~~~~
    + CategoryInfo    
          : NotSpeci  
  fied: (ÔÜá Warnin   
 g: Ne...not be co    
rrect.:String) []    ,
 RemoteException
    + FullyQualifiedE 
   rrorId : NativeCo  
  mmandError
 
 We detected multiple 
lockfiles and selected
 the directory of C:\U
sers\PC15\package-lock
.json as the root dire
ctory.
 To silence this warni
ng, set `turbopack.roo
t` in your Next.js con
fig, or consider remov
ing one of the lockfil
es if it's not needed.
   See https://nextjs.
org/docs/app/api-refer
ence/config/next-confi
g-js/turbopack#root-di
rectory for more infor
mation.
 Detected additional l
ockfiles: 
   * C:\Users\PC15\Des
ktop\Projelerim\overth
ink_v0.2\package-lock.
json

Ôû▓ Next.js 16.1.1 (Turbopack)
- Environments: .env.local

ÔÜá The "middleware" f
ile convention is depr
ecated. Please use "pr
oxy" instead. Learn mo
re: https://nextjs.org
/docs/messages/middlew
are-to-proxy
  Creating an optimized production build ...

> Build error occurred
Error: Turbopack build
 failed with 3 errors:
./Desktop/Projelerim/o
verthink_v0.2/src/acti
ons/profileDelta.ts:56
:17
Ecmascript file had an
 error
[0m [90m 54 |[39m 
[90m * Determines if c
hanges are significant
 enough to warrant que
st regeneration[39m
 [90m 55 |[39m [90m
 */[39m
[31m[1m>[22m[39m[
90m 56 |[39m [36mexp
ort[39m [36mfunction
[39m calculateProfile
Delta(
 [90m    |[39m      
           [31m[1m^
[22m[39m[31m[1m^[2
2m[39m[31m[1m^[22m
[39m[31m[1m^[22m[
39m[31m[1m^[22m[39
m[31m[1m^[22m[39m
[31m[1m^[22m[39m[3
1m[1m^[22m[39m[31m
[1m^[22m[39m[31m[
1m^[22m[39m[31m[1m
^[22m[39m[31m[1m^
[22m[39m[31m[1m^[2
2m[39m[31m[1m^[22m
[39m[31m[1m^[22m[
39m[31m[1m^[22m[39
m[31m[1m^[22m[39m
[31m[1m^[22m[39m[3
1m[1m^[22m[39m[31m
[1m^[22m[39m[31m[
1m^[22m[39m
 [90m 57 |[39m     o
ldMetrics[33m:[39m 
[33mProfileMetricsSnap
shot[39m[33m,[39m
 [90m 58 |[39m     n
ewMetrics[33m:[39m 
[33mProfileMetricsSnap
shot[39m
 [90m 59 |[39m )[33
m:[39m [33mProfileDe
lta[39m {[0m

Server Actions must be
 async functions.


Import trace:
  Server Component:
    ./Desktop/Projeler
im/overthink_v0.2/src/
actions/profileDelta.t
s
    ./Desktop/Projeler
im/overthink_v0.2/src/
actions/aiHealthQuests
.ts


./Desktop/Projelerim/o
verthink_v0.2/src/acti
ons/weeklyQuests.ts:58
:1
Ecmascript file had an
 error
[0m [90m 56 |[39m 
[90m// ===============
======================
================[39m
 [90m 57 |[39m
[31m[1m>[22m[39m[
90m 58 |[39m [36mexp
ort[39m {
 [90m    |[39m [31m
[1m^[22m[39m[31m[
1m^[22m[39m[31m[1m
^[22m[39m[31m[1m^
[22m[39m[31m[1m^[2
2m[39m[31m[1m^[22m
[39m[31m[1m^[22m[
39m[31m[1m^[22m[39
m
[31m[1m>[22m[39m[
90m 59 |[39m     [33
mPROFILE_CHANGE_THRESH
OLDS[39m[33m,[39m
 [90m    |[39m [31m
[1m^[22m[39m[31m[
1m^[22m[39m[31m[1m
^[22m[39m[31m[1m^
[22m[39m[31m[1m^[2
2m[39m[31m[1m^[22m
[39m[31m[1m^[22m[
39m[31m[1m^[22m[39
m[31m[1m^[22m[39m
[31m[1m^[22m[39m[3
1m[1m^[22m[39m[31m
[1m^[22m[39m[31m[
1m^[22m[39m[31m[1m
^[22m[39m[31m[1m^
[22m[39m[31m[1m^[2
2m[39m[31m[1m^[22m
[39m[31m[1m^[22m[
39m[31m[1m^[22m[39
m[31m[1m^[22m[39m
[31m[1m^[22m[39m[3
1m[1m^[22m[39m[31m
[1m^[22m[39m[31m[
1m^[22m[39m[31m[1m
^[22m[39m[31m[1m^
[22m[39m[31m[1m^[2
2m[39m[31m[1m^[22m
[39m[31m[1m^[22m[
39m[31m[1m^[22m[39
m
[31m[1m>[22m[39m[
90m 60 |[39m     calc
ulateProfileDelta[33m
,[39m
 [90m    |[39m [31m
[1m^[22m[39m[31m[
1m^[22m[39m[31m[1m
^[22m[39m[31m[1m^
[22m[39m[31m[1m^[2
2m[39m[31m[1m^[22m
[39m[31m[1m^[22m[
39m[31m[1m^[22m[39
m[31m[1m^[22m[39m
[31m[1m^[22m[39m[3
1m[1m^[22m[39m[31m
[1m^[22m[39m[31m[
1m^[22m[39m[31m[1m
^[22m[39m[31m[1m^
[22m[39m[31m[1m^[2
2m[39m[31m[1m^[22m
[39m[31m[1m^[22m[
39m[31m[1m^[22m[39
m[31m[1m^[22m[39m
[31m[1m^[22m[39m[3
1m[1m^[22m[39m[31m
[1m^[22m[39m[31m[
1m^[22m[39m[31m[1m
^[22m[39m[31m[1m^
[22m[39m[31m[1m^[2
2m[39m[31m[1m^[22m
[39m[31m[1m^[22m[
39m[31m[1m^[22m[39
m
[31m[1m>[22m[39m[
90m 61 |[39m     type
 [33mProfileDelta[39
m[33m,[39m
 [90m    |[39m [31m
[1m^[22m[39m[31m[
1m^[22m[39m[31m[1m
^[22m[39m[31m[1m^
[22m[39m[31m[1m^[2
2m[39m[31m[1m^[22m
[39m[31m[1m^[22m[
39m[31m[1m^[22m[39
m[31m[1m^[22m[39m
[31m[1m^[22m[39m[3
1m[1m^[22m[39m[31m
[1m^[22m[39m[31m[
1m^[22m[39m[31m[1m
^[22m[39m[31m[1m^
[22m[39m[31m[1m^[2
2m[39m[31m[1m^[22m
[39m[31m[1m^[22m[
39m[31m[1m^[22m[39
m[31m[1m^[22m[39m
[31m[1m^[22m[39m[3
1m[1m^[22m[39m[31m
[1m^[22m[39m[31m[
1m^[22m[39m[31m[1m
^[22m[39m[31m[1m^
[22m[39m[31m[1m^[2
2m[39m[31m[1m^[22m
[39m[31m[1m^[22m[
39m[31m[1m^[22m[39
m
[31m[1m>[22m[39m[
90m 62 |[39m     type
 [33mProfileMetricsSn
apshot[39m
 [90m    |[39m [31m
[1m^[22m[39m[31m[
1m^[22m[39m[31m[1m
^[22m[39m[31m[1m^
[22m[39m[31m[1m^[2
2m[39m[31m[1m^[22m
[39m[31m[1m^[22m[
39m[31m[1m^[22m[39
m[31m[1m^[22m[39m
[31m[1m^[22m[39m[3
1m[1m^[22m[39m[31m
[1m^[22m[39m[31m[
1m^[22m[39m[31m[1m
^[22m[39m[31m[1m^
[22m[39m[31m[1m^[2
2m[39m[31m[1m^[22m
[39m[31m[1m^[22m[
39m[31m[1m^[22m[39
m[31m[1m^[22m[39m
[31m[1m^[22m[39m[3
1m[1m^[22m[39m[31m
[1m^[22m[39m[31m[
1m^[22m[39m[31m[1m
^[22m[39m[31m[1m^
[22m[39m[31m[1m^[2
2m[39m[31m[1m^[22m
[39m[31m[1m^[22m[
39m[31m[1m^[22m[39
m
[31m[1m>[22m[39m[
90m 63 |[39m } [36mf
rom[39m [32m'./profi
leDelta'[39m
 [90m    |[39m [31m
[1m^[22m[39m[31m[
1m^[22m[39m[31m[1m
^[22m[39m[31m[1m^
[22m[39m[31m[1m^[2
2m[39m[31m[1m^[22m
[39m[31m[1m^[22m[
39m[31m[1m^[22m[39
m[31m[1m^[22m[39m
[31m[1m^[22m[39m[3
1m[1m^[22m[39m[31m
[1m^[22m[39m[31m[
1m^[22m[39m[31m[1m
^[22m[39m[31m[1m^
[22m[39m[31m[1m^[2
2m[39m[31m[1m^[22m
[39m[31m[1m^[22m[
39m[31m[1m^[22m[39
m[31m[1m^[22m[39m
[31m[1m^[22m[39m[3
1m[1m^[22m[39m[31m
[1m^[22m[39m[31m[
1m^[22m[39m
 [90m 64 |[39m
 [90m 65 |[39m [90m
// ===================
======================
============[39m
 [90m 66 |[39m [90m
// Regeneration Types
[39m[0m

Only async functions a
re allowed to be expor
ted in a "use server" 
file.


Import traces:
  Server Component:
    ./Desktop/Projeler
im/overthink_v0.2/src/
actions/weeklyQuests.t
s
    ./Desktop/Projeler
im/overthink_v0.2/src/
actions/aiHealthQuests
.ts

  Client Component Bro
wser:
    ./Desktop/Projeler
im/overthink_v0.2/src/
actions/weeklyQuests.t
s [Client Component Br
owser]
    ./Desktop/Projeler
im/overthink_v0.2/src/
app/page.tsx [Client C
omponent Browser]
    ./Desktop/Projeler
im/overthink_v0.2/src/
app/page.tsx [Server C
omponent]

  Client Component SSR
:
    ./Desktop/Projeler
im/overthink_v0.2/src/
actions/weeklyQuests.t
s [Client Component SS
R]
    ./Desktop/Projeler
im/overthink_v0.2/src/
app/page.tsx [Client C
omponent SSR]
    ./Desktop/Projeler
im/overthink_v0.2/src/
app/page.tsx [Server C
omponent]


./Desktop/Projelerim/o
verthink_v0.2/src/acti
ons/aiHealthQuests.ts:
24:1
Export regenerateRemai
ningQuestDays doesn't 
exist in target module
[0m [90m 22 |[39m  
   type [33mProfileDe
lta[39m
 [90m 23 |[39m } [3
6mfrom[39m [32m'./pr
ofileDelta'[39m
[31m[1m>[22m[39m[
90m 24 |[39m [36mimp
ort[39m {
 [90m    |[39m [31m
[1m^[22m[39m[31m[
1m^[22m[39m[31m[1m
^[22m[39m[31m[1m^
[22m[39m[31m[1m^[2
2m[39m[31m[1m^[22m
[39m[31m[1m^[22m[
39m[31m[1m^[22m[39
m
[31m[1m>[22m[39m[
90m 25 |[39m     rege
nerateRemainingQuestDa
ys[33m,[39m
 [90m    |[39m [31m
[1m^[22m[39m[31m[
1m^[22m[39m[31m[1m
^[22m[39m[31m[1m^
[22m[39m[31m[1m^[2
2m[39m[31m[1m^[22m
[39m[31m[1m^[22m[
39m[31m[1m^[22m[39
m[31m[1m^[22m[39m
[31m[1m^[22m[39m[3
1m[1m^[22m[39m[31m
[1m^[22m[39m[31m[
1m^[22m[39m[31m[1m
^[22m[39m[31m[1m^
[22m[39m[31m[1m^[2
2m[39m[31m[1m^[22m
[39m[31m[1m^[22m[
39m[31m[1m^[22m[39
m[31m[1m^[22m[39m
[31m[1m^[22m[39m[3
1m[1m^[22m[39m[31m
[1m^[22m[39m[31m[
1m^[22m[39m[31m[1m
^[22m[39m[31m[1m^
[22m[39m[31m[1m^[2
2m[39m[31m[1m^[22m
[39m[31m[1m^[22m[
39m[31m[1m^[22m[39
m[31m[1m^[22m[39m
[31m[1m^[22m[39m[3
1m[1m^[22m[39m
[31m[1m>[22m[39m[
90m 26 |[39m     type
 [33mRegenerationResu
lt[39m
 [90m    |[39m [31m
[1m^[22m[39m[31m[
1m^[22m[39m[31m[1m
^[22m[39m[31m[1m^
[22m[39m[31m[1m^[2
2m[39m[31m[1m^[22m
[39m[31m[1m^[22m[
39m[31m[1m^[22m[39
m[31m[1m^[22m[39m
[31m[1m^[22m[39m[3
1m[1m^[22m[39m[31m
[1m^[22m[39m[31m[
1m^[22m[39m[31m[1m
^[22m[39m[31m[1m^
[22m[39m[31m[1m^[2
2m[39m[31m[1m^[22m
[39m[31m[1m^[22m[
39m[31m[1m^[22m[39
m[31m[1m^[22m[39m
[31m[1m^[22m[39m[3
1m[1m^[22m[39m[31m
[1m^[22m[39m[31m[
1m^[22m[39m[31m[1m
^[22m[39m[31m[1m^
[22m[39m[31m[1m^[2
2m[39m[31m[1m^[22m
[39m[31m[1m^[22m[
39m[31m[1m^[22m[39
m[31m[1m^[22m[39m
[31m[1m^[22m[39m[3
1m[1m^[22m[39m
[31m[1m>[22m[39m[
90m 27 |[39m } [36mf
rom[39m [32m'./weekl
yQuests'[39m
 [90m    |[39m [31m
[1m^[22m[39m[31m[
1m^[22m[39m[31m[1m
^[22m[39m[31m[1m^
[22m[39m[31m[1m^[2
2m[39m[31m[1m^[22m
[39m[31m[1m^[22m[
39m[31m[1m^[22m[39
m[31m[1m^[22m[39m
[31m[1m^[22m[39m[3
1m[1m^[22m[39m[31m
[1m^[22m[39m[31m[
1m^[22m[39m[31m[1m
^[22m[39m[31m[1m^
[22m[39m[31m[1m^[2
2m[39m[31m[1m^[22m
[39m[31m[1m^[22m[
39m[31m[1m^[22m[39
m[31m[1m^[22m[39m
[31m[1m^[22m[39m[3
1m[1m^[22m[39m[31m
[1m^[22m[39m[31m[
1m^[22m[39m
 [90m 28 |[39m
 [90m 29 |[39m [90m
// ===================
======================
============[39m
 [90m 30 |[39m [90m
// Types[39m[0m

The export regenerateR
emainingQuestDays was 
not found in module [p
roject]/Desktop/Projel
erim/overthink_v0.2/sr
c/actions/weeklyQuests
.ts [app-rsc] (ecmascr
ipt).
The module has no expo
rts at all.
All exports of the mod
ule are statically kno
wn (It doesn't have dy
namic exports). So it'
s known statically tha
t the requested export
 doesn't exist.

Import traces:
  Client Component Bro
wser:
    ./Desktop/Projeler
im/overthink_v0.2/src/
actions/aiHealthQuests
.ts [Client Component 
Browser]
    ./Desktop/Projeler
im/overthink_v0.2/src/
components/hud/Goals/G
oalCreationWizard.tsx 
[Client Component Brow
ser]
    ./Desktop/Projeler
im/overthink_v0.2/src/
app/page.tsx [Client C
omponent Browser]
    ./Desktop/Projeler
im/overthink_v0.2/src/
app/page.tsx [Server C
omponent]

  Client Component SSR
:
    ./Desktop/Projeler
im/overthink_v0.2/src/
actions/aiHealthQuests
.ts [Client Component 
SSR]
    ./Desktop/Projeler
im/overthink_v0.2/src/
components/hud/Goals/G
oalCreationWizard.tsx 
[Client Component SSR]
    ./Desktop/Projeler
im/overthink_v0.2/src/
app/page.tsx [Client C
omponent SSR]
    ./Desktop/Projeler
im/overthink_v0.2/src/
app/page.tsx [Server C
omponent]


    at <unknown> (./De
sktop/Projelerim/overt
hink_v0.2/src/actions/
profileDelta.ts:56:17)
    at <unknown> (./De
sktop/Projelerim/overt
hink_v0.2/src/actions/
weeklyQuests.ts:58:1)
    at <unknown> (./De
sktop/Projelerim/overt
hink_v0.2/src/actions/
aiHealthQuests.ts:24:1
)
